com\cardatechnologies\utils\validators\abaroutevalidator\Test_AbaRouteValidator_04$__CLR4_4_1r5er5eks242yf6.class
com\cardatechnologies\utils\validators\abaroutevalidator\Test_AbaRouteValidator_12.class
com\cardatechnologies\utils\TraceUnitExtension.class
com\cardatechnologies\utils\validators\abaroutevalidator\Test_AbaRouteValidator_13b.class
com\cardatechnologies\utils\validators\abaroutevalidator\Test_AbaRouteValidator_17b.class
com\cardatechnologies\utils\validators\abaroutevalidator\Test_AbaRouteValidator_17a$__CLR4_4_15z8u5z8uks243972$1.class
com\cardatechnologies\utils\validators\abaroutevalidator\PerformanceTests$__CLR4_4_13b3bks242wba$1.class
com\cardatechnologies\utils\validators\abaroutevalidator\Test_AbaRouteValidator_02.class
com\cardatechnologies\utils\validators\abaroutevalidator\Test_AbaRouteValidator_08$__CLR4_4_1295n295nks2431g0.class
com\cardatechnologies\utils\validators\abaroutevalidator\Test_AbaRouteValidator_13b$__CLR4_4_14fm04fm0ks24366b$1.class
com\cardatechnologies\utils\validators\abaroutevalidator\Test_AbaRouteValidator_01$__CLR4_4_14m4mks242wc3$1.class
com\cardatechnologies\utils\validators\abaroutevalidator\Test_AbaRouteValidator_06.class
com\cardatechnologies\utils\validators\abaroutevalidator\Test_AbaRouteValidator_11$__CLR4_4_13cg93cg9ks2433kk$1.class
com\cardatechnologies\utils\TraceUnitExtension$__CLR4_4_13636ks242wav$1.class
com\cardatechnologies\utils\validators\abaroutevalidator\Test_AbaRouteValidator_10$__CLR4_4_12z7v2z7vks2432qf$1.class
com\cardatechnologies\utils\validators\abaroutevalidator\Test_AbaRouteValidator_16.class
com\cardatechnologies\utils\validators\abaroutevalidator\Test_AbaRouteValidator_04$__CLR4_4_1r5er5eks242yf6$1.class
com\cardatechnologies\utils\validators\abaroutevalidator\Test_AbaRouteValidator_01$__CLR4_4_14m4mks242wc3.class
com\cardatechnologies\utils\validators\abaroutevalidator\Test_AbaRouteValidator_09.class
com\cardatechnologies\utils\validators\abaroutevalidator\Test_AbaRouteValidator_03.class
com\cardatechnologies\utils\validators\abaroutevalidator\Test_AbaRouteValidator_06$__CLR4_4_11i5f1i5fks243032$1.class
com\cardatechnologies\utils\validators\abaroutevalidator\Test_AbaRouteValidator_02$__CLR4_4_15w5wks242x3q.class
com\cardatechnologies\utils\TraceUnitExtension$__CLR4_4_13636ks242wav.class
com\cardatechnologies\utils\validators\abaroutevalidator\Test_AbaRouteValidator_13a$__CLR4_4_143q743q7ks24359f.class
com\cardatechnologies\utils\validators\abaroutevalidator\exceptions\AbaRouteValidationExceptionTest$__CLR4_4_16pbt6pbtks243ajy.class
com\cardatechnologies\utils\validators\abaroutevalidator\Test_AbaRouteValidator_17a$__CLR4_4_15z8u5z8uks243972.class
com\cardatechnologies\utils\TestWatcherExtension$__CLR4_4_12h2hks242wa3.class
com\cardatechnologies\utils\validators\abaroutevalidator\Test_AbaRouteValidator_15.class
com\cardatechnologies\utils\validators\abaroutevalidator\exceptions\AbaRouteValidationExceptionTest$__CLR4_4_16pbt6pbtks243ajy$1.class
com\cardatechnologies\utils\validators\abaroutevalidator\Test_AbaRouteValidator_05$__CLR4_4_114ni14niks242zcc.class
com\cardatechnologies\utils\validators\abaroutevalidator\Test_AbaRouteValidator_03$__CLR4_4_1dnudnuks242xus.class
com\cardatechnologies\utils\validators\abaroutevalidator\Test_AbaRouteValidator_12$__CLR4_4_13q833q83ks2434fp.class
com\cardatechnologies\utils\TestWatcherExtension.class
com\cardatechnologies\utils\validators\abaroutevalidator\Test_AbaRouteValidator_09$__CLR4_4_12mxh2mxhks2431z9.class
com\cardatechnologies\utils\validators\abaroutevalidator\Test_AbaRouteValidator_16$__CLR4_4_15lqq5lqqks2438cm$1.class
com\cardatechnologies\utils\validators\abaroutevalidator\Test_AbaRouteValidator_17b$__CLR4_4_16caf6cafks243a03$1.class
com\cardatechnologies\utils\validators\abaroutevalidator\Test_AbaRouteValidator_07$__CLR4_4_11vdt1vdtks2430l5.class
com\cardatechnologies\utils\validators\abaroutevalidator\Test_AbaRouteValidator_13a$__CLR4_4_143q743q7ks24359f$1.class
com\cardatechnologies\utils\validators\abaroutevalidator\Test_AbaRouteValidator_05$__CLR4_4_114ni14niks242zcc$1.class
com\cardatechnologies\utils\validators\abaroutevalidator\Test_AbaRouteValidator_14$__CLR4_4_14uqg4uqgks2436pc.class
com\cardatechnologies\utils\validators\abaroutevalidator\PerformanceTests.class
com\cardatechnologies\utils\validators\abaroutevalidator\Test_AbaRouteValidator_03$__CLR4_4_1dnudnuks242xus$1.class
com\cardatechnologies\utils\validators\abaroutevalidator\Test_AbaRouteValidator_07.class
com\cardatechnologies\utils\validators\abaroutevalidator\Test_AbaRouteValidator_02$__CLR4_4_15w5wks242x3q$1.class
com\cardatechnologies\utils\validators\abaroutevalidator\Test_AbaRouteValidator_08$__CLR4_4_1295n295nks2431g0$1.class
com\cardatechnologies\utils\validators\abaroutevalidator\Test_AbaRouteValidator_16$__CLR4_4_15lqq5lqqks2438cm.class
com\cardatechnologies\utils\TestWatcherExtension$__CLR4_4_12h2hks242wa3$1.class
com\cardatechnologies\utils\validators\abaroutevalidator\PerformanceTests$__CLR4_4_13b3bks242wba.class
com\cardatechnologies\utils\validators\abaroutevalidator\Test_AbaRouteValidator_09$__CLR4_4_12mxh2mxhks2431z9$1.class
com\cardatechnologies\utils\validators\abaroutevalidator\Test_AbaRouteValidator_15$__CLR4_4_1588k588kks2437ij.class
com\cardatechnologies\utils\validators\abaroutevalidator\Test_AbaRouteValidator_01.class
com\cardatechnologies\utils\validators\abaroutevalidator\Test_AbaRouteValidator_10$__CLR4_4_12z7v2z7vks2432qf.class
com\cardatechnologies\utils\validators\abaroutevalidator\Test_AbaRouteValidator_11.class
com\cardatechnologies\utils\validators\abaroutevalidator\Test_AbaRouteValidator_15$__CLR4_4_1588k588kks2437ij$1.class
com\cardatechnologies\utils\validators\abaroutevalidator\Test_AbaRouteValidator_04.class
com\cardatechnologies\utils\validators\abaroutevalidator\Test_AbaRouteValidator_06$__CLR4_4_11i5f1i5fks243032.class
com\cardatechnologies\utils\validators\abaroutevalidator\Test_AbaRouteValidator_14.class
com\cardatechnologies\utils\validators\abaroutevalidator\Test_AbaRouteValidator_07$__CLR4_4_11vdt1vdtks2430l5$1.class
com\cardatechnologies\utils\validators\abaroutevalidator\exceptions\AbaRouteValidationExceptionTest.class
com\cardatechnologies\utils\validators\abaroutevalidator\Test_AbaRouteValidator_17a.class
com\cardatechnologies\utils\validators\abaroutevalidator\Test_AbaRouteValidator_08.class
com\cardatechnologies\utils\validators\abaroutevalidator\Test_AbaRouteValidator_17b$__CLR4_4_16caf6cafks243a03.class
com\cardatechnologies\utils\validators\abaroutevalidator\Test_AbaRouteValidator_12$__CLR4_4_13q833q83ks2434fp$1.class
com\cardatechnologies\utils\validators\abaroutevalidator\Test_AbaRouteValidator_13a.class
com\cardatechnologies\utils\validators\abaroutevalidator\Test_AbaRouteValidator_13b$__CLR4_4_14fm04fm0ks24366b.class
com\cardatechnologies\utils\validators\abaroutevalidator\Test_AbaRouteValidator_14$__CLR4_4_14uqg4uqgks2436pc$1.class
com\cardatechnologies\utils\validators\abaroutevalidator\Test_AbaRouteValidator_05.class
com\cardatechnologies\utils\validators\abaroutevalidator\Test_AbaRouteValidator_10.class
com\cardatechnologies\utils\validators\abaroutevalidator\Test_AbaRouteValidator_11$__CLR4_4_13cg93cg9ks2433kk.class
