com\cardatechnologies\utils\validators\abaroutevalidator\Test_AbaRouteValidator_12.class
com\cardatechnologies\utils\validators\abaroutevalidator\Test_AbaRouteValidator_09$__CLR4_4_12mx92mx9ks22zkwq.class
com\cardatechnologies\utils\validators\abaroutevalidator\Test_AbaRouteValidator_15$__CLR4_4_1588c588cks22zrbm.class
com\cardatechnologies\utils\TraceUnitExtension.class
com\cardatechnologies\utils\validators\abaroutevalidator\Test_AbaRouteValidator_13b.class
com\cardatechnologies\utils\validators\abaroutevalidator\Test_AbaRouteValidator_17b.class
com\cardatechnologies\utils\validators\abaroutevalidator\Test_AbaRouteValidator_17b$__CLR4_4_16ca76ca7ks22ztmo$1.class
com\cardatechnologies\utils\validators\abaroutevalidator\Test_AbaRouteValidator_07$__CLR4_4_11vdl1vdlks22ziv2$1.class
com\cardatechnologies\utils\validators\abaroutevalidator\Test_AbaRouteValidator_02.class
com\cardatechnologies\utils\validators\abaroutevalidator\Test_AbaRouteValidator_15$__CLR4_4_1588c588cks22zrbm$1.class
com\cardatechnologies\utils\validators\abaroutevalidator\Test_AbaRouteValidator_06.class
com\cardatechnologies\utils\validators\abaroutevalidator\Test_AbaRouteValidator_13a$__CLR4_4_143pz43pzks22zowb.class
com\cardatechnologies\utils\validators\abaroutevalidator\Test_AbaRouteValidator_16.class
com\cardatechnologies\utils\validators\abaroutevalidator\Test_AbaRouteValidator_03$__CLR4_4_1dnmdnmks22zfyz$1.class
com\cardatechnologies\utils\validators\abaroutevalidator\Test_AbaRouteValidator_14$__CLR4_4_14uq84uq8ks22zqek$1.class
com\cardatechnologies\utils\TestWatcherExtension$__CLR4_4_12h2hks22ze9z$1.class
com\cardatechnologies\utils\validators\abaroutevalidator\Test_AbaRouteValidator_13a$__CLR4_4_143pz43pzks22zowb$1.class
com\cardatechnologies\utils\validators\abaroutevalidator\Test_AbaRouteValidator_10$__CLR4_4_12z7n2z7nks22zltr$1.class
com\cardatechnologies\utils\validators\abaroutevalidator\Test_AbaRouteValidator_09.class
com\cardatechnologies\utils\validators\abaroutevalidator\Test_AbaRouteValidator_03.class
com\cardatechnologies\utils\validators\abaroutevalidator\Test_AbaRouteValidator_14$__CLR4_4_14uq84uq8ks22zqek.class
com\cardatechnologies\utils\validators\abaroutevalidator\Test_AbaRouteValidator_09$__CLR4_4_12mx92mx9ks22zkwq$1.class
com\cardatechnologies\utils\validators\abaroutevalidator\Test_AbaRouteValidator_10$__CLR4_4_12z7n2z7nks22zltr.class
com\cardatechnologies\utils\validators\abaroutevalidator\exceptions\AbaRouteValidationExceptionTest$__CLR4_4_16pbl6pblks22zu62$1.class
com\cardatechnologies\utils\validators\abaroutevalidator\Test_AbaRouteValidator_13b$__CLR4_4_14fls4flsks22zpmu$1.class
com\cardatechnologies\utils\validators\abaroutevalidator\Test_AbaRouteValidator_15.class
com\cardatechnologies\utils\validators\abaroutevalidator\PerformanceTests$__CLR4_4_13333ks22zebd$1.class
com\cardatechnologies\utils\validators\abaroutevalidator\Test_AbaRouteValidator_12$__CLR4_4_13q7v3q7vks22zo0r.class
com\cardatechnologies\utils\validators\abaroutevalidator\Test_AbaRouteValidator_04$__CLR4_4_1r56r56ks22zgln$1.class
com\cardatechnologies\utils\validators\abaroutevalidator\Test_AbaRouteValidator_13b$__CLR4_4_14fls4flsks22zpmu.class
com\cardatechnologies\utils\validators\abaroutevalidator\Test_AbaRouteValidator_17a$__CLR4_4_15z8m5z8mks22zt4y.class
com\cardatechnologies\utils\TestWatcherExtension$__CLR4_4_12h2hks22ze9z.class
com\cardatechnologies\utils\validators\abaroutevalidator\Test_AbaRouteValidator_01$__CLR4_4_14e4eks22zec9.class
com\cardatechnologies\utils\TestWatcherExtension.class
com\cardatechnologies\utils\validators\abaroutevalidator\Test_AbaRouteValidator_08$__CLR4_4_1295f295fks22zk07.class
com\cardatechnologies\utils\validators\abaroutevalidator\exceptions\AbaRouteValidationExceptionTest$__CLR4_4_16pbl6pblks22zu62.class
com\cardatechnologies\utils\validators\abaroutevalidator\Test_AbaRouteValidator_05$__CLR4_4_114na14naks22zhhc.class
com\cardatechnologies\utils\validators\abaroutevalidator\Test_AbaRouteValidator_11$__CLR4_4_13cg13cg1ks22zn0u.class
com\cardatechnologies\utils\validators\abaroutevalidator\PerformanceTests.class
com\cardatechnologies\utils\TraceUnitExtension$__CLR4_4_12x2xks22zeas.class
com\cardatechnologies\utils\validators\abaroutevalidator\Test_AbaRouteValidator_05$__CLR4_4_114na14naks22zhhc$1.class
com\cardatechnologies\utils\validators\abaroutevalidator\Test_AbaRouteValidator_07.class
com\cardatechnologies\utils\validators\abaroutevalidator\Test_AbaRouteValidator_06$__CLR4_4_11i571i57ks22zi8c.class
com\cardatechnologies\utils\validators\abaroutevalidator\PerformanceTests$__CLR4_4_13333ks22zebd.class
com\cardatechnologies\utils\validators\abaroutevalidator\Test_AbaRouteValidator_04$__CLR4_4_1r56r56ks22zgln.class
com\cardatechnologies\utils\validators\abaroutevalidator\Test_AbaRouteValidator_02$__CLR4_4_15o5oks22zf7u$1.class
com\cardatechnologies\utils\validators\abaroutevalidator\Test_AbaRouteValidator_06$__CLR4_4_11i571i57ks22zi8c$1.class
com\cardatechnologies\utils\validators\abaroutevalidator\Test_AbaRouteValidator_01.class
com\cardatechnologies\utils\validators\abaroutevalidator\Test_AbaRouteValidator_07$__CLR4_4_11vdl1vdlks22ziv2.class
com\cardatechnologies\utils\validators\abaroutevalidator\Test_AbaRouteValidator_11.class
com\cardatechnologies\utils\TraceUnitExtension$__CLR4_4_12x2xks22zeas$1.class
com\cardatechnologies\utils\validators\abaroutevalidator\Test_AbaRouteValidator_04.class
com\cardatechnologies\utils\validators\abaroutevalidator\Test_AbaRouteValidator_14.class
com\cardatechnologies\utils\validators\abaroutevalidator\Test_AbaRouteValidator_03$__CLR4_4_1dnmdnmks22zfyz.class
com\cardatechnologies\utils\validators\abaroutevalidator\Test_AbaRouteValidator_17a$__CLR4_4_15z8m5z8mks22zt4y$1.class
com\cardatechnologies\utils\validators\abaroutevalidator\exceptions\AbaRouteValidationExceptionTest.class
com\cardatechnologies\utils\validators\abaroutevalidator\Test_AbaRouteValidator_17a.class
com\cardatechnologies\utils\validators\abaroutevalidator\Test_AbaRouteValidator_08$__CLR4_4_1295f295fks22zk07$1.class
com\cardatechnologies\utils\validators\abaroutevalidator\Test_AbaRouteValidator_16$__CLR4_4_15lqi5lqiks22zs9c$1.class
com\cardatechnologies\utils\validators\abaroutevalidator\Test_AbaRouteValidator_08.class
com\cardatechnologies\utils\validators\abaroutevalidator\Test_AbaRouteValidator_17b$__CLR4_4_16ca76ca7ks22ztmo.class
com\cardatechnologies\utils\validators\abaroutevalidator\Test_AbaRouteValidator_02$__CLR4_4_15o5oks22zf7u.class
com\cardatechnologies\utils\validators\abaroutevalidator\Test_AbaRouteValidator_11$__CLR4_4_13cg13cg1ks22zn0u$1.class
com\cardatechnologies\utils\validators\abaroutevalidator\Test_AbaRouteValidator_13a.class
com\cardatechnologies\utils\validators\abaroutevalidator\Test_AbaRouteValidator_12$__CLR4_4_13q7v3q7vks22zo0r$1.class
com\cardatechnologies\utils\validators\abaroutevalidator\Test_AbaRouteValidator_16$__CLR4_4_15lqi5lqiks22zs9c.class
com\cardatechnologies\utils\validators\abaroutevalidator\Test_AbaRouteValidator_05.class
com\cardatechnologies\utils\validators\abaroutevalidator\Test_AbaRouteValidator_10.class
com\cardatechnologies\utils\validators\abaroutevalidator\Test_AbaRouteValidator_01$__CLR4_4_14e4eks22zec9$1.class
