com\cardatechnologies\utils\validators\abaroutevalidator\Test_AbaRouteValidator_12.class
com\cardatechnologies\utils\TestWatcherExtension$__CLR4_4_12h2hks23meup.class
com\cardatechnologies\utils\TraceUnitExtension.class
com\cardatechnologies\utils\validators\abaroutevalidator\PerformanceTests$__CLR4_4_13535ks23mevy$1.class
com\cardatechnologies\utils\validators\abaroutevalidator\Test_AbaRouteValidator_13b.class
com\cardatechnologies\utils\validators\abaroutevalidator\Test_AbaRouteValidator_17b.class
com\cardatechnologies\utils\validators\abaroutevalidator\Test_AbaRouteValidator_11$__CLR4_4_13cg33cg3ks23mlvb.class
com\cardatechnologies\utils\validators\abaroutevalidator\Test_AbaRouteValidator_04$__CLR4_4_1r58r58ks23mh0y$1.class
com\cardatechnologies\utils\validators\abaroutevalidator\Test_AbaRouteValidator_02.class
com\cardatechnologies\utils\TraceUnitExtension$__CLR4_4_13030ks23mevh.class
com\cardatechnologies\utils\validators\abaroutevalidator\Test_AbaRouteValidator_06.class
com\cardatechnologies\utils\validators\abaroutevalidator\Test_AbaRouteValidator_17b$__CLR4_4_16ca96ca9ks23mt81.class
com\cardatechnologies\utils\validators\abaroutevalidator\Test_AbaRouteValidator_13b$__CLR4_4_14flu4fluks23mol7.class
com\cardatechnologies\utils\validators\abaroutevalidator\Test_AbaRouteValidator_16$__CLR4_4_15lqk5lqkks23mri2.class
com\cardatechnologies\utils\validators\abaroutevalidator\Test_AbaRouteValidator_16.class
com\cardatechnologies\utils\validators\abaroutevalidator\Test_AbaRouteValidator_09$__CLR4_4_12mxb2mxbks23mkm6.class
com\cardatechnologies\utils\validators\abaroutevalidator\exceptions\AbaRouteValidationExceptionTest$__CLR4_4_16pbn6pbnks23mtvi.class
com\cardatechnologies\utils\validators\abaroutevalidator\Test_AbaRouteValidator_01$__CLR4_4_14g4gks23mex8$1.class
com\cardatechnologies\utils\validators\abaroutevalidator\Test_AbaRouteValidator_16$__CLR4_4_15lqk5lqkks23mri2$1.class
com\cardatechnologies\utils\validators\abaroutevalidator\Test_AbaRouteValidator_09.class
com\cardatechnologies\utils\validators\abaroutevalidator\Test_AbaRouteValidator_03.class
com\cardatechnologies\utils\validators\abaroutevalidator\Test_AbaRouteValidator_17a$__CLR4_4_15z8o5z8oks23msb4.class
com\cardatechnologies\utils\TestWatcherExtension$__CLR4_4_12h2hks23meup$1.class
com\cardatechnologies\utils\validators\abaroutevalidator\PerformanceTests$__CLR4_4_13535ks23mevy.class
com\cardatechnologies\utils\validators\abaroutevalidator\Test_AbaRouteValidator_12$__CLR4_4_13q7x3q7xks23mmpr.class
com\cardatechnologies\utils\validators\abaroutevalidator\Test_AbaRouteValidator_13a$__CLR4_4_143q143q1ks23mnhz.class
com\cardatechnologies\utils\validators\abaroutevalidator\Test_AbaRouteValidator_14$__CLR4_4_14uqa4uqaks23mpnm.class
com\cardatechnologies\utils\validators\abaroutevalidator\Test_AbaRouteValidator_01$__CLR4_4_14g4gks23mex8.class
com\cardatechnologies\utils\validators\abaroutevalidator\Test_AbaRouteValidator_03$__CLR4_4_1dnodnoks23mgfy$1.class
com\cardatechnologies\utils\validators\abaroutevalidator\Test_AbaRouteValidator_15.class
com\cardatechnologies\utils\validators\abaroutevalidator\exceptions\AbaRouteValidationExceptionTest$__CLR4_4_16pbn6pbnks23mtvi$1.class
com\cardatechnologies\utils\validators\abaroutevalidator\Test_AbaRouteValidator_11$__CLR4_4_13cg33cg3ks23mlvb$1.class
com\cardatechnologies\utils\validators\abaroutevalidator\Test_AbaRouteValidator_15$__CLR4_4_1588e588eks23mqjm$1.class
com\cardatechnologies\utils\TestWatcherExtension.class
com\cardatechnologies\utils\validators\abaroutevalidator\Test_AbaRouteValidator_10$__CLR4_4_12z7p2z7pks23mleh$1.class
com\cardatechnologies\utils\validators\abaroutevalidator\Test_AbaRouteValidator_03$__CLR4_4_1dnodnoks23mgfy.class
com\cardatechnologies\utils\validators\abaroutevalidator\PerformanceTests.class
com\cardatechnologies\utils\validators\abaroutevalidator\Test_AbaRouteValidator_07.class
com\cardatechnologies\utils\validators\abaroutevalidator\Test_AbaRouteValidator_15$__CLR4_4_1588e588eks23mqjm.class
com\cardatechnologies\utils\validators\abaroutevalidator\Test_AbaRouteValidator_06$__CLR4_4_11i591i59ks23minj.class
com\cardatechnologies\utils\validators\abaroutevalidator\Test_AbaRouteValidator_08$__CLR4_4_1295h295hks23mk1b$1.class
com\cardatechnologies\utils\validators\abaroutevalidator\Test_AbaRouteValidator_05$__CLR4_4_114nc14ncks23mhwy$1.class
com\cardatechnologies\utils\validators\abaroutevalidator\Test_AbaRouteValidator_01.class
com\cardatechnologies\utils\validators\abaroutevalidator\Test_AbaRouteValidator_11.class
com\cardatechnologies\utils\validators\abaroutevalidator\Test_AbaRouteValidator_04.class
com\cardatechnologies\utils\validators\abaroutevalidator\Test_AbaRouteValidator_14.class
com\cardatechnologies\utils\validators\abaroutevalidator\Test_AbaRouteValidator_14$__CLR4_4_14uqa4uqaks23mpnm$1.class
com\cardatechnologies\utils\validators\abaroutevalidator\Test_AbaRouteValidator_13b$__CLR4_4_14flu4fluks23mol7$1.class
com\cardatechnologies\utils\validators\abaroutevalidator\exceptions\AbaRouteValidationExceptionTest.class
com\cardatechnologies\utils\validators\abaroutevalidator\Test_AbaRouteValidator_17a.class
com\cardatechnologies\utils\validators\abaroutevalidator\Test_AbaRouteValidator_04$__CLR4_4_1r58r58ks23mh0y.class
com\cardatechnologies\utils\validators\abaroutevalidator\Test_AbaRouteValidator_08.class
com\cardatechnologies\utils\validators\abaroutevalidator\Test_AbaRouteValidator_09$__CLR4_4_12mxb2mxbks23mkm6$1.class
com\cardatechnologies\utils\validators\abaroutevalidator\Test_AbaRouteValidator_12$__CLR4_4_13q7x3q7xks23mmpr$1.class
com\cardatechnologies\utils\validators\abaroutevalidator\Test_AbaRouteValidator_17b$__CLR4_4_16ca96ca9ks23mt81$1.class
com\cardatechnologies\utils\TraceUnitExtension$__CLR4_4_13030ks23mevh$1.class
com\cardatechnologies\utils\validators\abaroutevalidator\Test_AbaRouteValidator_02$__CLR4_4_15q5qks23mfov$1.class
com\cardatechnologies\utils\validators\abaroutevalidator\Test_AbaRouteValidator_13a.class
com\cardatechnologies\utils\validators\abaroutevalidator\Test_AbaRouteValidator_07$__CLR4_4_11vdn1vdnks23mj5k.class
com\cardatechnologies\utils\validators\abaroutevalidator\Test_AbaRouteValidator_17a$__CLR4_4_15z8o5z8oks23msb4$1.class
com\cardatechnologies\utils\validators\abaroutevalidator\Test_AbaRouteValidator_10$__CLR4_4_12z7p2z7pks23mleh.class
com\cardatechnologies\utils\validators\abaroutevalidator\Test_AbaRouteValidator_07$__CLR4_4_11vdn1vdnks23mj5k$1.class
com\cardatechnologies\utils\validators\abaroutevalidator\Test_AbaRouteValidator_05.class
com\cardatechnologies\utils\validators\abaroutevalidator\Test_AbaRouteValidator_10.class
com\cardatechnologies\utils\validators\abaroutevalidator\Test_AbaRouteValidator_13a$__CLR4_4_143q143q1ks23mnhz$1.class
com\cardatechnologies\utils\validators\abaroutevalidator\Test_AbaRouteValidator_06$__CLR4_4_11i591i59ks23minj$1.class
com\cardatechnologies\utils\validators\abaroutevalidator\Test_AbaRouteValidator_08$__CLR4_4_1295h295hks23mk1b.class
com\cardatechnologies\utils\validators\abaroutevalidator\Test_AbaRouteValidator_02$__CLR4_4_15q5qks23mfov.class
com\cardatechnologies\utils\validators\abaroutevalidator\Test_AbaRouteValidator_05$__CLR4_4_114nc14ncks23mhwy.class
