D:\Projects\GitHub\aba.route.validator\target\clover\src-test\com\cardatechnologies\utils\validators\abaroutevalidator\Test_AbaRouteValidator_13b.java
D:\Projects\GitHub\aba.route.validator\target\clover\src-test\com\cardatechnologies\utils\validators\abaroutevalidator\Test_AbaRouteValidator_07.java
D:\Projects\GitHub\aba.route.validator\target\clover\src-test\com\cardatechnologies\utils\validators\abaroutevalidator\Test_AbaRouteValidator_11.java
D:\Projects\GitHub\aba.route.validator\target\clover\src-test\com\cardatechnologies\utils\validators\abaroutevalidator\Test_AbaRouteValidator_04.java
D:\Projects\GitHub\aba.route.validator\target\clover\src-test\com\cardatechnologies\utils\validators\abaroutevalidator\Test_AbaRouteValidator_13a.java
D:\Projects\GitHub\aba.route.validator\target\clover\src-test\com\cardatechnologies\utils\validators\abaroutevalidator\PerformanceTests.java
D:\Projects\GitHub\aba.route.validator\target\clover\src-test\com\cardatechnologies\utils\validators\abaroutevalidator\Test_AbaRouteValidator_17a.java
D:\Projects\GitHub\aba.route.validator\target\clover\src-test\com\cardatechnologies\utils\validators\abaroutevalidator\Test_AbaRouteValidator_15.java
D:\Projects\GitHub\aba.route.validator\target\clover\src-test\com\cardatechnologies\utils\validators\abaroutevalidator\Test_AbaRouteValidator_02.java
D:\Projects\GitHub\aba.route.validator\target\clover\src-test\com\cardatechnologies\utils\validators\abaroutevalidator\Test_AbaRouteValidator_10.java
D:\Projects\GitHub\aba.route.validator\target\clover\src-test\com\cardatechnologies\utils\validators\abaroutevalidator\Test_AbaRouteValidator_05.java
D:\Projects\GitHub\aba.route.validator\target\clover\src-test\com\cardatechnologies\utils\validators\abaroutevalidator\Test_AbaRouteValidator_12.java
D:\Projects\GitHub\aba.route.validator\target\clover\src-test\com\cardatechnologies\utils\validators\abaroutevalidator\Test_AbaRouteValidator_16.java
D:\Projects\GitHub\aba.route.validator\target\clover\src-test\com\cardatechnologies\utils\validators\abaroutevalidator\Test_AbaRouteValidator_17b.java
D:\Projects\GitHub\aba.route.validator\target\clover\src-test\com\cardatechnologies\utils\validators\abaroutevalidator\exceptions\AbaRouteValidationExceptionTest.java
D:\Projects\GitHub\aba.route.validator\target\clover\src-test\com\cardatechnologies\utils\validators\abaroutevalidator\Test_AbaRouteValidator_08.java
D:\Projects\GitHub\aba.route.validator\target\clover\src-test\com\cardatechnologies\utils\validators\abaroutevalidator\Test_AbaRouteValidator_01.java
D:\Projects\GitHub\aba.route.validator\target\clover\src-test\com\cardatechnologies\utils\validators\abaroutevalidator\Test_AbaRouteValidator_03.java
D:\Projects\GitHub\aba.route.validator\target\clover\src-test\com\cardatechnologies\utils\validators\abaroutevalidator\Test_AbaRouteValidator_09.java
D:\Projects\GitHub\aba.route.validator\target\clover\src-test\com\cardatechnologies\utils\TraceUnitExtension.java
D:\Projects\GitHub\aba.route.validator\target\clover\src-test\com\cardatechnologies\utils\validators\abaroutevalidator\Test_AbaRouteValidator_06.java
D:\Projects\GitHub\aba.route.validator\target\clover\src-test\com\cardatechnologies\utils\TestWatcherExtension.java
D:\Projects\GitHub\aba.route.validator\target\clover\src-test\com\cardatechnologies\utils\validators\abaroutevalidator\Test_AbaRouteValidator_14.java
