com\cardatechnologies\utils\validators\abaroutevalidator\Test_AbaRouteValidator_13a$__CLR4_4_143q143q1ks23u7g3$1.class
com\cardatechnologies\utils\validators\abaroutevalidator\Test_AbaRouteValidator_12.class
com\cardatechnologies\utils\validators\abaroutevalidator\Test_AbaRouteValidator_15$__CLR4_4_1588e588eks23u9wm.class
com\cardatechnologies\utils\validators\abaroutevalidator\Test_AbaRouteValidator_10$__CLR4_4_12z7p2z7pks23u57f$1.class
com\cardatechnologies\utils\TraceUnitExtension.class
com\cardatechnologies\utils\validators\abaroutevalidator\Test_AbaRouteValidator_13b.class
com\cardatechnologies\utils\validators\abaroutevalidator\Test_AbaRouteValidator_17b.class
com\cardatechnologies\utils\validators\abaroutevalidator\Test_AbaRouteValidator_09$__CLR4_4_12mxb2mxbks23u4gm$1.class
com\cardatechnologies\utils\validators\abaroutevalidator\Test_AbaRouteValidator_01$__CLR4_4_14g4gks23tyu4.class
com\cardatechnologies\utils\validators\abaroutevalidator\Test_AbaRouteValidator_02.class
com\cardatechnologies\utils\validators\abaroutevalidator\Test_AbaRouteValidator_02$__CLR4_4_15q5qks23tzl0.class
com\cardatechnologies\utils\validators\abaroutevalidator\Test_AbaRouteValidator_13b$__CLR4_4_14flu4fluks23u8b1.class
com\cardatechnologies\utils\validators\abaroutevalidator\Test_AbaRouteValidator_07$__CLR4_4_11vdn1vdnks23u32p$1.class
com\cardatechnologies\utils\validators\abaroutevalidator\Test_AbaRouteValidator_17a$__CLR4_4_15z8o5z8oks23ubdp.class
com\cardatechnologies\utils\validators\abaroutevalidator\Test_AbaRouteValidator_06.class
com\cardatechnologies\utils\validators\abaroutevalidator\Test_AbaRouteValidator_15$__CLR4_4_1588e588eks23u9wm$1.class
com\cardatechnologies\utils\validators\abaroutevalidator\Test_AbaRouteValidator_16.class
com\cardatechnologies\utils\validators\abaroutevalidator\Test_AbaRouteValidator_03$__CLR4_4_1dnodnoks23u0aa.class
com\cardatechnologies\utils\validators\abaroutevalidator\Test_AbaRouteValidator_16$__CLR4_4_15lqk5lqkks23uaq0$1.class
com\cardatechnologies\utils\validators\abaroutevalidator\Test_AbaRouteValidator_09.class
com\cardatechnologies\utils\validators\abaroutevalidator\Test_AbaRouteValidator_03.class
com\cardatechnologies\utils\validators\abaroutevalidator\Test_AbaRouteValidator_06$__CLR4_4_11i591i59ks23u2gw.class
com\cardatechnologies\utils\validators\abaroutevalidator\Test_AbaRouteValidator_05$__CLR4_4_114nc14ncks23u1np$1.class
com\cardatechnologies\utils\validators\abaroutevalidator\PerformanceTests$__CLR4_4_13535ks23tytc.class
com\cardatechnologies\utils\validators\abaroutevalidator\exceptions\AbaRouteValidationExceptionTest$__CLR4_4_16pbn6pbnks23ucnx.class
com\cardatechnologies\utils\validators\abaroutevalidator\Test_AbaRouteValidator_15.class
com\cardatechnologies\utils\validators\abaroutevalidator\Test_AbaRouteValidator_17b$__CLR4_4_16ca96ca9ks23uc4l.class
com\cardatechnologies\utils\validators\abaroutevalidator\Test_AbaRouteValidator_04$__CLR4_4_1r58r58ks23u0sv$1.class
com\cardatechnologies\utils\validators\abaroutevalidator\Test_AbaRouteValidator_05$__CLR4_4_114nc14ncks23u1np.class
com\cardatechnologies\utils\validators\abaroutevalidator\Test_AbaRouteValidator_01$__CLR4_4_14g4gks23tyu4$1.class
com\cardatechnologies\utils\validators\abaroutevalidator\Test_AbaRouteValidator_13b$__CLR4_4_14flu4fluks23u8b1$1.class
com\cardatechnologies\utils\TestWatcherExtension.class
com\cardatechnologies\utils\validators\abaroutevalidator\Test_AbaRouteValidator_02$__CLR4_4_15q5qks23tzl0$1.class
com\cardatechnologies\utils\validators\abaroutevalidator\Test_AbaRouteValidator_14$__CLR4_4_14uqa4uqaks23u904.class
com\cardatechnologies\utils\validators\abaroutevalidator\exceptions\AbaRouteValidationExceptionTest$__CLR4_4_16pbn6pbnks23ucnx$1.class
com\cardatechnologies\utils\validators\abaroutevalidator\Test_AbaRouteValidator_17a$__CLR4_4_15z8o5z8oks23ubdp$1.class
com\cardatechnologies\utils\validators\abaroutevalidator\Test_AbaRouteValidator_10$__CLR4_4_12z7p2z7pks23u57f.class
com\cardatechnologies\utils\TraceUnitExtension$__CLR4_4_13030ks23tysx.class
com\cardatechnologies\utils\validators\abaroutevalidator\Test_AbaRouteValidator_14$__CLR4_4_14uqa4uqaks23u904$1.class
com\cardatechnologies\utils\validators\abaroutevalidator\PerformanceTests.class
com\cardatechnologies\utils\validators\abaroutevalidator\Test_AbaRouteValidator_07.class
com\cardatechnologies\utils\validators\abaroutevalidator\Test_AbaRouteValidator_17b$__CLR4_4_16ca96ca9ks23uc4l$1.class
com\cardatechnologies\utils\validators\abaroutevalidator\Test_AbaRouteValidator_11$__CLR4_4_13cg33cg3ks23u5u6$1.class
com\cardatechnologies\utils\validators\abaroutevalidator\Test_AbaRouteValidator_03$__CLR4_4_1dnodnoks23u0aa$1.class
com\cardatechnologies\utils\validators\abaroutevalidator\Test_AbaRouteValidator_07$__CLR4_4_11vdn1vdnks23u32p.class
com\cardatechnologies\utils\validators\abaroutevalidator\Test_AbaRouteValidator_12$__CLR4_4_13q7x3q7xks23u6on.class
com\cardatechnologies\utils\TestWatcherExtension$__CLR4_4_12h2hks23tys5.class
com\cardatechnologies\utils\validators\abaroutevalidator\Test_AbaRouteValidator_01.class
com\cardatechnologies\utils\validators\abaroutevalidator\Test_AbaRouteValidator_11.class
com\cardatechnologies\utils\validators\abaroutevalidator\Test_AbaRouteValidator_04.class
com\cardatechnologies\utils\validators\abaroutevalidator\Test_AbaRouteValidator_09$__CLR4_4_12mxb2mxbks23u4gm.class
com\cardatechnologies\utils\validators\abaroutevalidator\Test_AbaRouteValidator_14.class
com\cardatechnologies\utils\validators\abaroutevalidator\Test_AbaRouteValidator_04$__CLR4_4_1r58r58ks23u0sv.class
com\cardatechnologies\utils\TestWatcherExtension$__CLR4_4_12h2hks23tys5$1.class
com\cardatechnologies\utils\validators\abaroutevalidator\Test_AbaRouteValidator_08$__CLR4_4_1295h295hks23u3x2.class
com\cardatechnologies\utils\validators\abaroutevalidator\exceptions\AbaRouteValidationExceptionTest.class
com\cardatechnologies\utils\validators\abaroutevalidator\Test_AbaRouteValidator_17a.class
com\cardatechnologies\utils\validators\abaroutevalidator\Test_AbaRouteValidator_06$__CLR4_4_11i591i59ks23u2gw$1.class
com\cardatechnologies\utils\validators\abaroutevalidator\Test_AbaRouteValidator_13a$__CLR4_4_143q143q1ks23u7g3.class
com\cardatechnologies\utils\validators\abaroutevalidator\Test_AbaRouteValidator_08.class
com\cardatechnologies\utils\validators\abaroutevalidator\PerformanceTests$__CLR4_4_13535ks23tytc$1.class
com\cardatechnologies\utils\validators\abaroutevalidator\Test_AbaRouteValidator_08$__CLR4_4_1295h295hks23u3x2$1.class
com\cardatechnologies\utils\TraceUnitExtension$__CLR4_4_13030ks23tysx$1.class
com\cardatechnologies\utils\validators\abaroutevalidator\Test_AbaRouteValidator_13a.class
com\cardatechnologies\utils\validators\abaroutevalidator\Test_AbaRouteValidator_12$__CLR4_4_13q7x3q7xks23u6on$1.class
com\cardatechnologies\utils\validators\abaroutevalidator\Test_AbaRouteValidator_11$__CLR4_4_13cg33cg3ks23u5u6.class
com\cardatechnologies\utils\validators\abaroutevalidator\Test_AbaRouteValidator_05.class
com\cardatechnologies\utils\validators\abaroutevalidator\Test_AbaRouteValidator_10.class
com\cardatechnologies\utils\validators\abaroutevalidator\Test_AbaRouteValidator_16$__CLR4_4_15lqk5lqkks23uaq0.class
